IP_yeiL_rep1.sorted.bam	1317275	155,165,210	0.919408730904499,0.919202897503171,0.91823898275689	75	0.9160 805	1500	0.9147879	1.005051	3.574769	2

